// Jest Snapshot v1, https://goo.gl/fbAQLP

exports[`App component renders App 1`] = `
<div
  className="mainGrid"
>
  <Header />
  <InteractionPane />
</div>
`;
